
Allocating common symbols
Common symbol       size              file

TIM_TimeBaseStructure
                    0xc               ..\obj\main.o
DHT11_Humidity      0x4               ..\obj\main.o
ADC_Rain_variable   0x4               ..\obj\main.o
isDay               0x4               ..\obj\main.o
GPIO_InitStructure  0x8               ..\obj\main.o
DHT11_Temperature   0x4               ..\obj\main.o
ADC_Day_variable    0x4               ..\obj\main.o
isRain              0x4               ..\obj\main.o

Discarded input sections

 .text          0x00000000        0x0 ..\obj\stm32f4xx_syscfg.o
 .data          0x00000000        0x0 ..\obj\stm32f4xx_syscfg.o
 .bss           0x00000000        0x0 ..\obj\stm32f4xx_syscfg.o
 .text.SYSCFG_DeInit
                0x00000000       0x1c ..\obj\stm32f4xx_syscfg.o
 .text.SYSCFG_MemoryRemapConfig
                0x00000000       0x20 ..\obj\stm32f4xx_syscfg.o
 .text.SYSCFG_EXTILineConfig
                0x00000000       0x84 ..\obj\stm32f4xx_syscfg.o
 .text.SYSCFG_ETH_MediaInterfaceConfig
                0x00000000       0x1c ..\obj\stm32f4xx_syscfg.o
 .text.SYSCFG_CompensationCellCmd
                0x00000000       0x20 ..\obj\stm32f4xx_syscfg.o
 .text.SYSCFG_GetCompensationCellStatus
                0x00000000       0x30 ..\obj\stm32f4xx_syscfg.o
 .debug_info    0x00000000      0x274 ..\obj\stm32f4xx_syscfg.o
 .debug_abbrev  0x00000000      0x133 ..\obj\stm32f4xx_syscfg.o
 .debug_aranges
                0x00000000       0x48 ..\obj\stm32f4xx_syscfg.o
 .debug_ranges  0x00000000       0x38 ..\obj\stm32f4xx_syscfg.o
 .debug_line    0x00000000      0x21f ..\obj\stm32f4xx_syscfg.o
 .debug_str     0x00000000      0x2f0 ..\obj\stm32f4xx_syscfg.o
 .comment       0x00000000       0x6f ..\obj\stm32f4xx_syscfg.o
 .debug_frame   0x00000000       0xf4 ..\obj\stm32f4xx_syscfg.o
 .ARM.attributes
                0x00000000       0x33 ..\obj\stm32f4xx_syscfg.o
 .text          0x00000000        0x0 ..\obj\stm32f4xx_usart.o
 .data          0x00000000        0x0 ..\obj\stm32f4xx_usart.o
 .bss           0x00000000        0x0 ..\obj\stm32f4xx_usart.o
 .text.USART_DeInit
                0x00000000       0xd4 ..\obj\stm32f4xx_usart.o
 .text.USART_StructInit
                0x00000000       0x38 ..\obj\stm32f4xx_usart.o
 .text.USART_ClockInit
                0x00000000       0x54 ..\obj\stm32f4xx_usart.o
 .text.USART_ClockStructInit
                0x00000000       0x2c ..\obj\stm32f4xx_usart.o
 .text.USART_SetPrescaler
                0x00000000       0x38 ..\obj\stm32f4xx_usart.o
 .text.USART_OverSampling8Cmd
                0x00000000       0x44 ..\obj\stm32f4xx_usart.o
 .text.USART_OneBitMethodCmd
                0x00000000       0x40 ..\obj\stm32f4xx_usart.o
 .text.USART_ReceiveData
                0x00000000       0x20 ..\obj\stm32f4xx_usart.o
 .text.USART_SetAddress
                0x00000000       0x38 ..\obj\stm32f4xx_usart.o
 .text.USART_ReceiverWakeUpCmd
                0x00000000       0x40 ..\obj\stm32f4xx_usart.o
 .text.USART_WakeUpConfig
                0x00000000       0x38 ..\obj\stm32f4xx_usart.o
 .text.USART_LINBreakDetectLengthConfig
                0x00000000       0x38 ..\obj\stm32f4xx_usart.o
 .text.USART_LINCmd
                0x00000000       0x40 ..\obj\stm32f4xx_usart.o
 .text.USART_SendBreak
                0x00000000       0x24 ..\obj\stm32f4xx_usart.o
 .text.USART_HalfDuplexCmd
                0x00000000       0x40 ..\obj\stm32f4xx_usart.o
 .text.USART_SetGuardTime
                0x00000000       0x3c ..\obj\stm32f4xx_usart.o
 .text.USART_SmartCardCmd
                0x00000000       0x40 ..\obj\stm32f4xx_usart.o
 .text.USART_SmartCardNACKCmd
                0x00000000       0x40 ..\obj\stm32f4xx_usart.o
 .text.USART_IrDAConfig
                0x00000000       0x38 ..\obj\stm32f4xx_usart.o
 .text.USART_IrDACmd
                0x00000000       0x40 ..\obj\stm32f4xx_usart.o
 .text.USART_DMACmd
                0x00000000       0x48 ..\obj\stm32f4xx_usart.o
 .text.USART_ClearFlag
                0x00000000       0x20 ..\obj\stm32f4xx_usart.o
 .text.USART_ClearITPendingBit
                0x00000000       0x38 ..\obj\stm32f4xx_usart.o
 .text          0x00000000        0x0 ..\obj\startup_stm32f4xx.o
 .data          0x00000000        0x0 ..\obj\startup_stm32f4xx.o
 .bss           0x00000000        0x0 ..\obj\startup_stm32f4xx.o
 .text          0x00000000        0x0 ..\obj\main.o
 .data          0x00000000        0x0 ..\obj\main.o
 .bss           0x00000000        0x0 ..\obj\main.o
 .text          0x00000000        0x0 ..\obj\stm32f4xx_rcc.o
 .bss           0x00000000        0x0 ..\obj\stm32f4xx_rcc.o
 .text.RCC_DeInit
                0x00000000       0x50 ..\obj\stm32f4xx_rcc.o
 .text.RCC_HSEConfig
                0x00000000       0x24 ..\obj\stm32f4xx_rcc.o
 .text.RCC_WaitForHSEStartUp
                0x00000000       0x50 ..\obj\stm32f4xx_rcc.o
 .text.RCC_AdjustHSICalibrationValue
                0x00000000       0x3c ..\obj\stm32f4xx_rcc.o
 .text.RCC_HSICmd
                0x00000000       0x20 ..\obj\stm32f4xx_rcc.o
 .text.RCC_LSEConfig
                0x00000000       0x40 ..\obj\stm32f4xx_rcc.o
 .text.RCC_LSICmd
                0x00000000       0x20 ..\obj\stm32f4xx_rcc.o
 .text.RCC_PLLConfig
                0x00000000       0x3c ..\obj\stm32f4xx_rcc.o
 .text.RCC_PLLCmd
                0x00000000       0x20 ..\obj\stm32f4xx_rcc.o
 .text.RCC_PLLI2SConfig
                0x00000000       0x28 ..\obj\stm32f4xx_rcc.o
 .text.RCC_PLLI2SCmd
                0x00000000       0x20 ..\obj\stm32f4xx_rcc.o
 .text.RCC_ClockSecuritySystemCmd
                0x00000000       0x20 ..\obj\stm32f4xx_rcc.o
 .text.RCC_MCO1Config
                0x00000000       0x3c ..\obj\stm32f4xx_rcc.o
 .text.RCC_MCO2Config
                0x00000000       0x3c ..\obj\stm32f4xx_rcc.o
 .text.RCC_SYSCLKConfig
                0x00000000       0x38 ..\obj\stm32f4xx_rcc.o
 .text.RCC_GetSYSCLKSource
                0x00000000       0x1c ..\obj\stm32f4xx_rcc.o
 .text.RCC_HCLKConfig
                0x00000000       0x38 ..\obj\stm32f4xx_rcc.o
 .text.RCC_PCLK1Config
                0x00000000       0x38 ..\obj\stm32f4xx_rcc.o
 .text.RCC_PCLK2Config
                0x00000000       0x38 ..\obj\stm32f4xx_rcc.o
 .text.RCC_RTCCLKConfig
                0x00000000       0x5c ..\obj\stm32f4xx_rcc.o
 .text.RCC_RTCCLKCmd
                0x00000000       0x20 ..\obj\stm32f4xx_rcc.o
 .text.RCC_BackupResetCmd
                0x00000000       0x20 ..\obj\stm32f4xx_rcc.o
 .text.RCC_I2SCLKConfig
                0x00000000       0x1c ..\obj\stm32f4xx_rcc.o
 .text.RCC_AHB2PeriphClockCmd
                0x00000000       0x3c ..\obj\stm32f4xx_rcc.o
 .text.RCC_AHB3PeriphClockCmd
                0x00000000       0x3c ..\obj\stm32f4xx_rcc.o
 .text.RCC_AHB1PeriphResetCmd
                0x00000000       0x3c ..\obj\stm32f4xx_rcc.o
 .text.RCC_AHB2PeriphResetCmd
                0x00000000       0x3c ..\obj\stm32f4xx_rcc.o
 .text.RCC_AHB3PeriphResetCmd
                0x00000000       0x3c ..\obj\stm32f4xx_rcc.o
 .text.RCC_APB1PeriphResetCmd
                0x00000000       0x3c ..\obj\stm32f4xx_rcc.o
 .text.RCC_APB2PeriphResetCmd
                0x00000000       0x3c ..\obj\stm32f4xx_rcc.o
 .text.RCC_AHB1PeriphClockLPModeCmd
                0x00000000       0x3c ..\obj\stm32f4xx_rcc.o
 .text.RCC_AHB2PeriphClockLPModeCmd
                0x00000000       0x3c ..\obj\stm32f4xx_rcc.o
 .text.RCC_AHB3PeriphClockLPModeCmd
                0x00000000       0x3c ..\obj\stm32f4xx_rcc.o
 .text.RCC_APB1PeriphClockLPModeCmd
                0x00000000       0x3c ..\obj\stm32f4xx_rcc.o
 .text.RCC_APB2PeriphClockLPModeCmd
                0x00000000       0x3c ..\obj\stm32f4xx_rcc.o
 .text.RCC_ITConfig
                0x00000000       0x4c ..\obj\stm32f4xx_rcc.o
 .text.RCC_GetFlagStatus
                0x00000000       0x74 ..\obj\stm32f4xx_rcc.o
 .text.RCC_ClearFlag
                0x00000000       0x1c ..\obj\stm32f4xx_rcc.o
 .text.RCC_GetITStatus
                0x00000000       0x34 ..\obj\stm32f4xx_rcc.o
 .text.RCC_ClearITPendingBit
                0x00000000       0x20 ..\obj\stm32f4xx_rcc.o
 .text          0x00000000        0x0 ..\obj\stm32f4xx_adc.o
 .data          0x00000000        0x0 ..\obj\stm32f4xx_adc.o
 .bss           0x00000000        0x0 ..\obj\stm32f4xx_adc.o
 .text.ADC_DeInit
                0x00000000       0x1c ..\obj\stm32f4xx_adc.o
 .text.ADC_StructInit
                0x00000000       0x3c ..\obj\stm32f4xx_adc.o
 .text.ADC_CommonStructInit
                0x00000000       0x2c ..\obj\stm32f4xx_adc.o
 .text.ADC_AnalogWatchdogCmd
                0x00000000       0x38 ..\obj\stm32f4xx_adc.o
 .text.ADC_AnalogWatchdogThresholdsConfig
                0x00000000       0x28 ..\obj\stm32f4xx_adc.o
 .text.ADC_AnalogWatchdogSingleChannelConfig
                0x00000000       0x38 ..\obj\stm32f4xx_adc.o
 .text.ADC_TempSensorVrefintCmd
                0x00000000       0x38 ..\obj\stm32f4xx_adc.o
 .text.ADC_VBATCmd
                0x00000000       0x38 ..\obj\stm32f4xx_adc.o
 .text.ADC_GetSoftwareStartConvStatus
                0x00000000       0x30 ..\obj\stm32f4xx_adc.o
 .text.ADC_EOCOnEachRegularChannelCmd
                0x00000000       0x38 ..\obj\stm32f4xx_adc.o
 .text.ADC_ContinuousModeCmd
                0x00000000       0x38 ..\obj\stm32f4xx_adc.o
 .text.ADC_DiscModeChannelCountConfig
                0x00000000       0x44 ..\obj\stm32f4xx_adc.o
 .text.ADC_DiscModeCmd
                0x00000000       0x38 ..\obj\stm32f4xx_adc.o
 .text.ADC_GetMultiModeConversionValue
                0x00000000       0x14 ..\obj\stm32f4xx_adc.o
 .text.ADC_DMACmd
                0x00000000       0x38 ..\obj\stm32f4xx_adc.o
 .text.ADC_DMARequestAfterLastTransferCmd
                0x00000000       0x38 ..\obj\stm32f4xx_adc.o
 .text.ADC_MultiModeDMARequestAfterLastTransferCmd
                0x00000000       0x38 ..\obj\stm32f4xx_adc.o
 .text.ADC_InjectedChannelConfig
                0x00000000      0x120 ..\obj\stm32f4xx_adc.o
 .text.ADC_InjectedSequencerLengthConfig
                0x00000000       0x44 ..\obj\stm32f4xx_adc.o
 .text.ADC_SetInjectedOffset
                0x00000000       0x34 ..\obj\stm32f4xx_adc.o
 .text.ADC_ExternalTrigInjectedConvConfig
                0x00000000       0x34 ..\obj\stm32f4xx_adc.o
 .text.ADC_ExternalTrigInjectedConvEdgeConfig
                0x00000000       0x34 ..\obj\stm32f4xx_adc.o
 .text.ADC_SoftwareStartInjectedConv
                0x00000000       0x20 ..\obj\stm32f4xx_adc.o
 .text.ADC_GetSoftwareStartInjectedConvCmdStatus
                0x00000000       0x30 ..\obj\stm32f4xx_adc.o
 .text.ADC_AutoInjectedConvCmd
                0x00000000       0x38 ..\obj\stm32f4xx_adc.o
 .text.ADC_InjectedDiscModeCmd
                0x00000000       0x38 ..\obj\stm32f4xx_adc.o
 .text.ADC_GetInjectedConversionValue
                0x00000000       0x30 ..\obj\stm32f4xx_adc.o
 .text.ADC_ITConfig
                0x00000000       0x50 ..\obj\stm32f4xx_adc.o
 .text.ADC_ClearFlag
                0x00000000       0x20 ..\obj\stm32f4xx_adc.o
 .text.ADC_GetITStatus
                0x00000000       0x5c ..\obj\stm32f4xx_adc.o
 .text.ADC_ClearITPendingBit
                0x00000000       0x2c ..\obj\stm32f4xx_adc.o
 .text          0x00000000        0x0 ..\obj\stm32f4xx_gpio.o
 .data          0x00000000        0x0 ..\obj\stm32f4xx_gpio.o
 .bss           0x00000000        0x0 ..\obj\stm32f4xx_gpio.o
 .text.GPIO_DeInit
                0x00000000      0x120 ..\obj\stm32f4xx_gpio.o
 .text.GPIO_StructInit
                0x00000000       0x34 ..\obj\stm32f4xx_gpio.o
 .text.GPIO_PinLockConfig
                0x00000000       0x44 ..\obj\stm32f4xx_gpio.o
 .text.GPIO_ReadInputData
                0x00000000       0x18 ..\obj\stm32f4xx_gpio.o
 .text.GPIO_ReadOutputDataBit
                0x00000000       0x34 ..\obj\stm32f4xx_gpio.o
 .text.GPIO_ReadOutputData
                0x00000000       0x18 ..\obj\stm32f4xx_gpio.o
 .text.GPIO_WriteBit
                0x00000000       0x30 ..\obj\stm32f4xx_gpio.o
 .text.GPIO_Write
                0x00000000       0x1c ..\obj\stm32f4xx_gpio.o
 .text.GPIO_ToggleBits
                0x00000000       0x24 ..\obj\stm32f4xx_gpio.o
 .text          0x00000000        0x0 ..\obj\system_stm32f4xx.o
 .data          0x00000000       0x14 ..\obj\system_stm32f4xx.o
 .bss           0x00000000        0x0 ..\obj\system_stm32f4xx.o
 .text.SystemCoreClockUpdate
                0x00000000       0xf8 ..\obj\system_stm32f4xx.o
 .text          0x00000000        0x0 ..\obj\stm32f4xx_exti.o
 .data          0x00000000        0x0 ..\obj\stm32f4xx_exti.o
 .bss           0x00000000        0x0 ..\obj\stm32f4xx_exti.o
 .text.EXTI_DeInit
                0x00000000       0x34 ..\obj\stm32f4xx_exti.o
 .text.EXTI_Init
                0x00000000       0xe4 ..\obj\stm32f4xx_exti.o
 .text.EXTI_StructInit
                0x00000000       0x2c ..\obj\stm32f4xx_exti.o
 .text.EXTI_GenerateSWInterrupt
                0x00000000       0x24 ..\obj\stm32f4xx_exti.o
 .text.EXTI_GetFlagStatus
                0x00000000       0x34 ..\obj\stm32f4xx_exti.o
 .text.EXTI_ClearFlag
                0x00000000       0x1c ..\obj\stm32f4xx_exti.o
 .text.EXTI_GetITStatus
                0x00000000       0x48 ..\obj\stm32f4xx_exti.o
 .text.EXTI_ClearITPendingBit
                0x00000000       0x1c ..\obj\stm32f4xx_exti.o
 .debug_info    0x00000000      0x357 ..\obj\stm32f4xx_exti.o
 .debug_abbrev  0x00000000      0x1a9 ..\obj\stm32f4xx_exti.o
 .debug_aranges
                0x00000000       0x58 ..\obj\stm32f4xx_exti.o
 .debug_ranges  0x00000000       0x48 ..\obj\stm32f4xx_exti.o
 .debug_line    0x00000000      0x2b1 ..\obj\stm32f4xx_exti.o
 .debug_str     0x00000000      0x355 ..\obj\stm32f4xx_exti.o
 .comment       0x00000000       0x6f ..\obj\stm32f4xx_exti.o
 .debug_frame   0x00000000      0x148 ..\obj\stm32f4xx_exti.o
 .ARM.attributes
                0x00000000       0x33 ..\obj\stm32f4xx_exti.o
 .text          0x00000000        0x0 ..\obj\misc.o
 .data          0x00000000        0x0 ..\obj\misc.o
 .bss           0x00000000        0x0 ..\obj\misc.o
 .text.NVIC_PriorityGroupConfig
                0x00000000       0x24 ..\obj\misc.o
 .text.NVIC_SetVectorTable
                0x00000000       0x2c ..\obj\misc.o
 .text.NVIC_SystemLPConfig
                0x00000000       0x40 ..\obj\misc.o
 .text.SysTick_CLKSourceConfig
                0x00000000       0x38 ..\obj\misc.o
 .text          0x00000000        0x0 ..\obj\stm32f4xx_tim.o
 .data          0x00000000        0x0 ..\obj\stm32f4xx_tim.o
 .bss           0x00000000        0x0 ..\obj\stm32f4xx_tim.o
 .text.TIM_DeInit
                0x00000000      0x1c0 ..\obj\stm32f4xx_tim.o
 .text.TIM_TimeBaseStructInit
                0x00000000       0x34 ..\obj\stm32f4xx_tim.o
 .text.TIM_PrescalerConfig
                0x00000000       0x28 ..\obj\stm32f4xx_tim.o
 .text.TIM_CounterModeConfig
                0x00000000       0x38 ..\obj\stm32f4xx_tim.o
 .text.TIM_SetCounter
                0x00000000       0x1c ..\obj\stm32f4xx_tim.o
 .text.TIM_SetAutoreload
                0x00000000       0x1c ..\obj\stm32f4xx_tim.o
 .text.TIM_GetCounter
                0x00000000       0x18 ..\obj\stm32f4xx_tim.o
 .text.TIM_GetPrescaler
                0x00000000       0x18 ..\obj\stm32f4xx_tim.o
 .text.TIM_UpdateDisableConfig
                0x00000000       0x40 ..\obj\stm32f4xx_tim.o
 .text.TIM_UpdateRequestConfig
                0x00000000       0x40 ..\obj\stm32f4xx_tim.o
 .text.TIM_ARRPreloadConfig
                0x00000000       0x40 ..\obj\stm32f4xx_tim.o
 .text.TIM_SelectOnePulseMode
                0x00000000       0x38 ..\obj\stm32f4xx_tim.o
 .text.TIM_SetClockDivision
                0x00000000       0x38 ..\obj\stm32f4xx_tim.o
 .text.TIM_OC1Init
                0x00000000       0xf4 ..\obj\stm32f4xx_tim.o
 .text.TIM_OC2Init
                0x00000000      0x110 ..\obj\stm32f4xx_tim.o
 .text.TIM_OC3Init
                0x00000000      0x10c ..\obj\stm32f4xx_tim.o
 .text.TIM_OC4Init
                0x00000000       0xcc ..\obj\stm32f4xx_tim.o
 .text.TIM_OCStructInit
                0x00000000       0x44 ..\obj\stm32f4xx_tim.o
 .text.TIM_SelectOCxM
                0x00000000       0xb0 ..\obj\stm32f4xx_tim.o
 .text.TIM_SetCompare1
                0x00000000       0x1c ..\obj\stm32f4xx_tim.o
 .text.TIM_SetCompare2
                0x00000000       0x1c ..\obj\stm32f4xx_tim.o
 .text.TIM_SetCompare3
                0x00000000       0x1c ..\obj\stm32f4xx_tim.o
 .text.TIM_SetCompare4
                0x00000000       0x1c ..\obj\stm32f4xx_tim.o
 .text.TIM_ForcedOC1Config
                0x00000000       0x38 ..\obj\stm32f4xx_tim.o
 .text.TIM_ForcedOC2Config
                0x00000000       0x3c ..\obj\stm32f4xx_tim.o
 .text.TIM_ForcedOC3Config
                0x00000000       0x38 ..\obj\stm32f4xx_tim.o
 .text.TIM_ForcedOC4Config
                0x00000000       0x3c ..\obj\stm32f4xx_tim.o
 .text.TIM_OC1PreloadConfig
                0x00000000       0x38 ..\obj\stm32f4xx_tim.o
 .text.TIM_OC2PreloadConfig
                0x00000000       0x3c ..\obj\stm32f4xx_tim.o
 .text.TIM_OC3PreloadConfig
                0x00000000       0x38 ..\obj\stm32f4xx_tim.o
 .text.TIM_OC4PreloadConfig
                0x00000000       0x3c ..\obj\stm32f4xx_tim.o
 .text.TIM_OC1FastConfig
                0x00000000       0x38 ..\obj\stm32f4xx_tim.o
 .text.TIM_OC2FastConfig
                0x00000000       0x3c ..\obj\stm32f4xx_tim.o
 .text.TIM_OC3FastConfig
                0x00000000       0x38 ..\obj\stm32f4xx_tim.o
 .text.TIM_OC4FastConfig
                0x00000000       0x3c ..\obj\stm32f4xx_tim.o
 .text.TIM_ClearOC1Ref
                0x00000000       0x38 ..\obj\stm32f4xx_tim.o
 .text.TIM_ClearOC2Ref
                0x00000000       0x3c ..\obj\stm32f4xx_tim.o
 .text.TIM_ClearOC3Ref
                0x00000000       0x38 ..\obj\stm32f4xx_tim.o
 .text.TIM_ClearOC4Ref
                0x00000000       0x3c ..\obj\stm32f4xx_tim.o
 .text.TIM_OC1PolarityConfig
                0x00000000       0x38 ..\obj\stm32f4xx_tim.o
 .text.TIM_OC1NPolarityConfig
                0x00000000       0x38 ..\obj\stm32f4xx_tim.o
 .text.TIM_OC2PolarityConfig
                0x00000000       0x3c ..\obj\stm32f4xx_tim.o
 .text.TIM_OC2NPolarityConfig
                0x00000000       0x3c ..\obj\stm32f4xx_tim.o
 .text.TIM_OC3PolarityConfig
                0x00000000       0x3c ..\obj\stm32f4xx_tim.o
 .text.TIM_OC3NPolarityConfig
                0x00000000       0x3c ..\obj\stm32f4xx_tim.o
 .text.TIM_OC4PolarityConfig
                0x00000000       0x3c ..\obj\stm32f4xx_tim.o
 .text.TIM_CCxCmd
                0x00000000       0x5c ..\obj\stm32f4xx_tim.o
 .text.TIM_CCxNCmd
                0x00000000       0x5c ..\obj\stm32f4xx_tim.o
 .text.TIM_ICInit
                0x00000000       0xa8 ..\obj\stm32f4xx_tim.o
 .text.TIM_ICStructInit
                0x00000000       0x30 ..\obj\stm32f4xx_tim.o
 .text.TIM_PWMIConfig
                0x00000000       0xb8 ..\obj\stm32f4xx_tim.o
 .text.TIM_GetCapture1
                0x00000000       0x18 ..\obj\stm32f4xx_tim.o
 .text.TIM_GetCapture2
                0x00000000       0x18 ..\obj\stm32f4xx_tim.o
 .text.TIM_GetCapture3
                0x00000000       0x18 ..\obj\stm32f4xx_tim.o
 .text.TIM_GetCapture4
                0x00000000       0x18 ..\obj\stm32f4xx_tim.o
 .text.TIM_SetIC1Prescaler
                0x00000000       0x38 ..\obj\stm32f4xx_tim.o
 .text.TIM_SetIC2Prescaler
                0x00000000       0x3c ..\obj\stm32f4xx_tim.o
 .text.TIM_SetIC3Prescaler
                0x00000000       0x38 ..\obj\stm32f4xx_tim.o
 .text.TIM_SetIC4Prescaler
                0x00000000       0x3c ..\obj\stm32f4xx_tim.o
 .text.TIM_BDTRConfig
                0x00000000       0x50 ..\obj\stm32f4xx_tim.o
 .text.TIM_BDTRStructInit
                0x00000000       0x3c ..\obj\stm32f4xx_tim.o
 .text.TIM_CtrlPWMOutputs
                0x00000000       0x4c ..\obj\stm32f4xx_tim.o
 .text.TIM_SelectCOM
                0x00000000       0x40 ..\obj\stm32f4xx_tim.o
 .text.TIM_CCPreloadControl
                0x00000000       0x40 ..\obj\stm32f4xx_tim.o
 .text.TIM_ITConfig
                0x00000000       0x48 ..\obj\stm32f4xx_tim.o
 .text.TIM_GenerateEvent
                0x00000000       0x1c ..\obj\stm32f4xx_tim.o
 .text.TIM_GetFlagStatus
                0x00000000       0x38 ..\obj\stm32f4xx_tim.o
 .text.TIM_ClearFlag
                0x00000000       0x20 ..\obj\stm32f4xx_tim.o
 .text.TIM_GetITStatus
                0x00000000       0x54 ..\obj\stm32f4xx_tim.o
 .text.TIM_ClearITPendingBit
                0x00000000       0x20 ..\obj\stm32f4xx_tim.o
 .text.TIM_DMAConfig
                0x00000000       0x28 ..\obj\stm32f4xx_tim.o
 .text.TIM_DMACmd
                0x00000000       0x48 ..\obj\stm32f4xx_tim.o
 .text.TIM_SelectCCDMA
                0x00000000       0x40 ..\obj\stm32f4xx_tim.o
 .text.TIM_InternalClockConfig
                0x00000000       0x24 ..\obj\stm32f4xx_tim.o
 .text.TIM_ITRxExternalClockConfig
                0x00000000       0x30 ..\obj\stm32f4xx_tim.o
 .text.TIM_TIxExternalClockConfig
                0x00000000       0x5c ..\obj\stm32f4xx_tim.o
 .text.TIM_ETRClockMode1Config
                0x00000000       0x60 ..\obj\stm32f4xx_tim.o
 .text.TIM_ETRClockMode2Config
                0x00000000       0x40 ..\obj\stm32f4xx_tim.o
 .text.TIM_SelectInputTrigger
                0x00000000       0x38 ..\obj\stm32f4xx_tim.o
 .text.TIM_SelectOutputTrigger
                0x00000000       0x38 ..\obj\stm32f4xx_tim.o
 .text.TIM_SelectSlaveMode
                0x00000000       0x38 ..\obj\stm32f4xx_tim.o
 .text.TIM_SelectMasterSlaveMode
                0x00000000       0x38 ..\obj\stm32f4xx_tim.o
 .text.TIM_ETRConfig
                0x00000000       0x54 ..\obj\stm32f4xx_tim.o
 .text.TIM_EncoderInterfaceConfig
                0x00000000       0x98 ..\obj\stm32f4xx_tim.o
 .text.TIM_SelectHallSensor
                0x00000000       0x40 ..\obj\stm32f4xx_tim.o
 .text.TIM_RemapConfig
                0x00000000       0x20 ..\obj\stm32f4xx_tim.o
 .text.TI1_Config
                0x00000000       0x84 ..\obj\stm32f4xx_tim.o
 .text.TI2_Config
                0x00000000       0x98 ..\obj\stm32f4xx_tim.o
 .text.TI3_Config
                0x00000000       0x90 ..\obj\stm32f4xx_tim.o
 .text.TI4_Config
                0x00000000       0x9c ..\obj\stm32f4xx_tim.o

Memory Configuration

Name             Origin             Length             Attributes
rom              0x08000000         0x00100000         xr
ram              0x20000000         0x00020000         xrw
ram1             0x10000000         0x00010000         xrw
*default*        0x00000000         0xffffffff

Linker script and memory map

                0x20020000                _eram = 0x20020000

.text           0x08000000     0x16a8
 *(.isr_vector)
 .isr_vector    0x08000000      0x188 ..\obj\startup_stm32f4xx.o
                0x08000000                g_pfnVectors
 *(.text*)
 .text.USART_Init
                0x08000188      0x178 ..\obj\stm32f4xx_usart.o
                0x08000188                USART_Init
 .text.USART_Cmd
                0x08000300       0x40 ..\obj\stm32f4xx_usart.o
                0x08000300                USART_Cmd
 .text.USART_SendData
                0x08000340       0x24 ..\obj\stm32f4xx_usart.o
                0x08000340                USART_SendData
 .text.USART_ITConfig
                0x08000364       0x90 ..\obj\stm32f4xx_usart.o
                0x08000364                USART_ITConfig
 .text.USART_GetFlagStatus
                0x080003f4       0x38 ..\obj\stm32f4xx_usart.o
                0x080003f4                USART_GetFlagStatus
 .text.USART_GetITStatus
                0x0800042c       0xb4 ..\obj\stm32f4xx_usart.o
                0x0800042c                USART_GetITStatus
 .text.Default_Reset_Handler
                0x080004e0       0x5c ..\obj\startup_stm32f4xx.o
                0x080004e0                Default_Reset_Handler
                0x080004e0                Reset_Handler
 .text.Default_Handler
                0x0800053c        0x8 ..\obj\startup_stm32f4xx.o
                0x0800053c                RTC_Alarm_IRQHandler
                0x0800053c                HASH_RNG_IRQHandler
                0x0800053c                EXTI2_IRQHandler
                0x0800053c                TIM8_CC_IRQHandler
                0x0800053c                DebugMon_Handler
                0x0800053c                TIM1_CC_IRQHandler
                0x0800053c                DMA2_Stream5_IRQHandler
                0x0800053c                HardFault_Handler
                0x0800053c                DMA1_Stream5_IRQHandler
                0x0800053c                SysTick_Handler
                0x0800053c                PVD_IRQHandler
                0x0800053c                SDIO_IRQHandler
                0x0800053c                TAMP_STAMP_IRQHandler
                0x0800053c                PendSV_Handler
                0x0800053c                NMI_Handler
                0x0800053c                CAN2_RX1_IRQHandler
                0x0800053c                EXTI3_IRQHandler
                0x0800053c                TIM8_TRG_COM_TIM14_IRQHandler
                0x0800053c                TIM1_UP_TIM10_IRQHandler
                0x0800053c                TIM8_UP_TIM13_IRQHandler
                0x0800053c                I2C3_ER_IRQHandler
                0x0800053c                EXTI0_IRQHandler
                0x0800053c                I2C2_EV_IRQHandler
                0x0800053c                DMA1_Stream2_IRQHandler
                0x0800053c                CAN1_RX0_IRQHandler
                0x0800053c                FPU_IRQHandler
                0x0800053c                OTG_HS_WKUP_IRQHandler
                0x0800053c                UsageFault_Handler
                0x0800053c                CAN2_SCE_IRQHandler
                0x0800053c                DMA2_Stream2_IRQHandler
                0x0800053c                SPI1_IRQHandler
                0x0800053c                TIM6_DAC_IRQHandler
                0x0800053c                TIM1_BRK_TIM9_IRQHandler
                0x0800053c                DCMI_IRQHandler
                0x0800053c                CAN2_RX0_IRQHandler
                0x0800053c                DMA2_Stream3_IRQHandler
                0x0800053c                USART6_IRQHandler
                0x0800053c                CRYP_IRQHandler
                0x0800053c                CAN1_RX1_IRQHandler
                0x0800053c                UART5_IRQHandler
                0x0800053c                DMA2_Stream0_IRQHandler
                0x0800053c                TIM4_IRQHandler
                0x0800053c                I2C1_EV_IRQHandler
                0x0800053c                DMA1_Stream6_IRQHandler
                0x0800053c                DMA1_Stream1_IRQHandler
                0x0800053c                UART4_IRQHandler
                0x0800053c                TIM3_IRQHandler
                0x0800053c                RCC_IRQHandler
                0x0800053c                TIM8_BRK_TIM12_IRQHandler
                0x0800053c                EXTI15_10_IRQHandler
                0x0800053c                ADC_IRQHandler
                0x0800053c                DMA1_Stream7_IRQHandler
                0x0800053c                TIM7_IRQHandler
                0x0800053c                CAN2_TX_IRQHandler
                0x0800053c                TIM5_IRQHandler
                0x0800053c                DMA2_Stream7_IRQHandler
                0x0800053c                I2C3_EV_IRQHandler
                0x0800053c                EXTI9_5_IRQHandler
                0x0800053c                RTC_WKUP_IRQHandler
                0x0800053c                ETH_WKUP_IRQHandler
                0x0800053c                SPI2_IRQHandler
                0x0800053c                OTG_HS_EP1_IN_IRQHandler
                0x0800053c                MemManage_Handler
                0x0800053c                DMA1_Stream0_IRQHandler
                0x0800053c                CAN1_TX_IRQHandler
                0x0800053c                SVC_Handler
                0x0800053c                EXTI4_IRQHandler
                0x0800053c                FSMC_IRQHandler
                0x0800053c                ETH_IRQHandler
                0x0800053c                OTG_HS_EP1_OUT_IRQHandler
                0x0800053c                WWDG_IRQHandler
                0x0800053c                TIM2_IRQHandler
                0x0800053c                OTG_FS_WKUP_IRQHandler
                0x0800053c                TIM1_TRG_COM_TIM11_IRQHandler
                0x0800053c                OTG_HS_IRQHandler
                0x0800053c                EXTI1_IRQHandler
                0x0800053c                USART2_IRQHandler
                0x0800053c                I2C2_ER_IRQHandler
                0x0800053c                DMA2_Stream1_IRQHandler
                0x0800053c                CAN1_SCE_IRQHandler
                0x0800053c                FLASH_IRQHandler
                0x0800053c                DMA2_Stream4_IRQHandler
                0x0800053c                BusFault_Handler
                0x0800053c                USART1_IRQHandler
                0x0800053c                OTG_FS_IRQHandler
                0x0800053c                SPI3_IRQHandler
                0x0800053c                DMA1_Stream4_IRQHandler
                0x0800053c                I2C1_ER_IRQHandler
                0x0800053c                DMA2_Stream6_IRQHandler
                0x0800053c                DMA1_Stream3_IRQHandler
 .text.NVIC_EnableIRQ
                0x08000544       0x30 ..\obj\main.o
 .text.clock    0x08000574       0x48 ..\obj\main.o
                0x08000574                clock
 .text.DHT11initTIM2
                0x080005bc       0x3c ..\obj\main.o
                0x080005bc                DHT11initTIM2
 .text.DHT11initGPIOAsOutput
                0x080005f8       0x38 ..\obj\main.o
                0x080005f8                DHT11initGPIOAsOutput
 .text.DHT11initGPIOAsInput
                0x08000630       0x24 ..\obj\main.o
                0x08000630                DHT11initGPIOAsInput
 .text.DHT11_delay_us
                0x08000654       0x28 ..\obj\main.o
                0x08000654                DHT11_delay_us
 .text.DHT11Read
                0x0800067c      0x178 ..\obj\main.o
                0x0800067c                DHT11Read
 .text.config_GPIO
                0x080007f4       0x34 ..\obj\main.o
                0x080007f4                config_GPIO
 .text.config_ADC_Rain
                0x08000828       0x88 ..\obj\main.o
                0x08000828                config_ADC_Rain
 .text.config_ADC_Day
                0x080008b0       0x88 ..\obj\main.o
                0x080008b0                config_ADC_Day
 .text.ADC_Day_variable_fun
                0x08000938       0x34 ..\obj\main.o
                0x08000938                ADC_Day_variable_fun
 .text.ADC_Rain_variable_fun
                0x0800096c       0x34 ..\obj\main.o
                0x0800096c                ADC_Rain_variable_fun
 .text.config_USART
                0x080009a0       0x38 ..\obj\main.o
                0x080009a0                config_USART
 .text.config_Tx
                0x080009d8       0x3c ..\obj\main.o
                0x080009d8                config_Tx
 .text.config_Rx
                0x08000a14       0x3c ..\obj\main.o
                0x08000a14                config_Rx
 .text.config_nvic
                0x08000a50       0x3c ..\obj\main.o
                0x08000a50                config_nvic
 .text.USART3_IRQHandler
                0x08000a8c      0x110 ..\obj\main.o
                0x08000a8c                USART3_IRQHandler
 .text.main     0x08000b9c       0x98 ..\obj\main.o
                0x08000b9c                main
 .text.RCC_GetClocksFreq
                0x08000c34      0x154 ..\obj\stm32f4xx_rcc.o
                0x08000c34                RCC_GetClocksFreq
 .text.RCC_AHB1PeriphClockCmd
                0x08000d88       0x3c ..\obj\stm32f4xx_rcc.o
                0x08000d88                RCC_AHB1PeriphClockCmd
 .text.RCC_APB1PeriphClockCmd
                0x08000dc4       0x3c ..\obj\stm32f4xx_rcc.o
                0x08000dc4                RCC_APB1PeriphClockCmd
 .text.RCC_APB2PeriphClockCmd
                0x08000e00       0x3c ..\obj\stm32f4xx_rcc.o
                0x08000e00                RCC_APB2PeriphClockCmd
 .text.ADC_Init
                0x08000e3c       0xa8 ..\obj\stm32f4xx_adc.o
                0x08000e3c                ADC_Init
 .text.ADC_CommonInit
                0x08000ee4       0x50 ..\obj\stm32f4xx_adc.o
                0x08000ee4                ADC_CommonInit
 .text.ADC_Cmd  0x08000f34       0x38 ..\obj\stm32f4xx_adc.o
                0x08000f34                ADC_Cmd
 .text.ADC_RegularChannelConfig
                0x08000f6c      0x194 ..\obj\stm32f4xx_adc.o
                0x08000f6c                ADC_RegularChannelConfig
 .text.ADC_SoftwareStartConv
                0x08001100       0x20 ..\obj\stm32f4xx_adc.o
                0x08001100                ADC_SoftwareStartConv
 .text.ADC_GetConversionValue
                0x08001120       0x18 ..\obj\stm32f4xx_adc.o
                0x08001120                ADC_GetConversionValue
 .text.ADC_GetFlagStatus
                0x08001138       0x34 ..\obj\stm32f4xx_adc.o
                0x08001138                ADC_GetFlagStatus
 .text.GPIO_Init
                0x0800116c      0x11c ..\obj\stm32f4xx_gpio.o
                0x0800116c                GPIO_Init
 .text.GPIO_ReadInputDataBit
                0x08001288       0x34 ..\obj\stm32f4xx_gpio.o
                0x08001288                GPIO_ReadInputDataBit
 .text.GPIO_SetBits
                0x080012bc       0x1c ..\obj\stm32f4xx_gpio.o
                0x080012bc                GPIO_SetBits
 .text.GPIO_ResetBits
                0x080012d8       0x1c ..\obj\stm32f4xx_gpio.o
                0x080012d8                GPIO_ResetBits
 .text.GPIO_PinAFConfig
                0x080012f4       0x90 ..\obj\stm32f4xx_gpio.o
                0x080012f4                GPIO_PinAFConfig
 .text.SystemInit
                0x08001384       0x5c ..\obj\system_stm32f4xx.o
                0x08001384                SystemInit
 .text.SetSysClock
                0x080013e0       0xf4 ..\obj\system_stm32f4xx.o
 .text.NVIC_Init
                0x080014d4       0xc0 ..\obj\misc.o
                0x080014d4                NVIC_Init
 .text.TIM_TimeBaseInit
                0x08001594       0xd4 ..\obj\stm32f4xx_tim.o
                0x08001594                TIM_TimeBaseInit
 .text.TIM_Cmd  0x08001668       0x40 ..\obj\stm32f4xx_tim.o
                0x08001668                TIM_Cmd
 *(.init)
 *(.fini)
 *crtbegin.o(.ctors)
 *crtbegin?.o(.ctors)
 *(EXCLUDE_FILE(*crtend.o *crtend?.o) .ctors)
 *(SORT(.ctors.*))
 *(.ctors)
 *crtbegin.o(.dtors)
 *crtbegin?.o(.dtors)
 *(EXCLUDE_FILE(*crtend.o *crtend?.o) .dtors)
 *(SORT(.dtors.*))
 *(.dtors)
 *(.rodata*)
 *(.eh_fram e*)

.glue_7         0x080016a8        0x0
 .glue_7        0x080016a8        0x0 linker stubs

.glue_7t        0x080016a8        0x0
 .glue_7t       0x080016a8        0x0 linker stubs

.vfp11_veneer   0x080016a8        0x0
 .vfp11_veneer  0x080016a8        0x0 linker stubs

.v4_bx          0x080016a8        0x0
 .v4_bx         0x080016a8        0x0 linker stubs

.iplt           0x080016a8        0x0
 .iplt          0x080016a8        0x0 ..\obj\stm32f4xx_syscfg.o

.rel.dyn        0x080016a8        0x0
 .rel.iplt      0x080016a8        0x0 ..\obj\stm32f4xx_syscfg.o

.ARM.extab
 *(.ARM.extab* .gnu.linkonce.armextab.*)
                0x080016a8                __exidx_start = .

.ARM.exidx
 *(.ARM.exidx* .gnu.linkonce.armexidx.*)
                0x080016a8                __exidx_end = .
                0x080016a8                __etext = .
                0x080016a8                _sidata = __etext

.data           0x20000000       0x10 load address 0x080016a8
                0x20000000                __data_start__ = .
                0x20000000                _sdata = __data_start__
 *(vtable)
 *(.data*)
 .data          0x20000000       0x10 ..\obj\stm32f4xx_rcc.o
                0x20000010                . = ALIGN (0x4)
                [!provide]                PROVIDE (__preinit_array_start, .)
 *(.preinit_array)
                [!provide]                PROVIDE (__preinit_array_end, .)
                0x20000010                . = ALIGN (0x4)
                [!provide]                PROVIDE (__init_array_start, .)
 *(SORT(.init_array.*))
 *(.init_array)
                [!provide]                PROVIDE (__init_array_end, .)
                0x20000010                . = ALIGN (0x4)
                [!provide]                PROVIDE (__fini_array_start, .)
 *(SORT(.fini_array.*))
 *(.fini_array)
                [!provide]                PROVIDE (__fini_array_end, .)
 *(.jcr*)
                0x20000010                . = ALIGN (0x4)
                0x20000010                __data_end__ = .
                0x20000010                _edata = __data_end__

.igot.plt       0x20000010        0x0 load address 0x080016b8
 .igot.plt      0x20000010        0x0 ..\obj\stm32f4xx_syscfg.o

.bss            0x20000010       0x2c load address 0x080016b8
                0x20000010                . = ALIGN (0x4)
                0x20000010                __bss_start__ = .
                0x20000010                _sbss = __bss_start__
 *(.bss*)
 *(COMMON)
 COMMON         0x20000010       0x2c ..\obj\main.o
                0x20000010                TIM_TimeBaseStructure
                0x2000001c                DHT11_Humidity
                0x20000020                ADC_Rain_variable
                0x20000024                isDay
                0x20000028                GPIO_InitStructure
                0x20000030                DHT11_Temperature
                0x20000034                ADC_Day_variable
                0x20000038                isRain
                0x2000003c                . = ALIGN (0x4)
                0x2000003c                __bss_end__ = .
                0x2000003c                _ebss = __bss_end__

.heap           0x2000003c        0x0
                0x2000003c                __end__ = .
                0x2000003c                _end = __end__
                0x2000003c                end = __end__
 *(.heap*)
                0x2000003c                __HeapLimit = .

.co_stack       0x2000003c      0x804 load address 0x080016e4
                0x20000040                . = ALIGN (0x8)
 *fill*         0x2000003c        0x4 
 *(.co_stack .co_stack.*)
 .co_stack      0x20000040      0x800 ..\obj\startup_stm32f4xx.o
                0x20000040                pulStack
                0x20020000                __StackTop = (ORIGIN (ram) + LENGTH (ram))
                0x2001f7fc                __StackLimit = (__StackTop - SIZEOF (.co_stack))
                [!provide]                PROVIDE (__stack, __StackTop)
                0x00000001                ASSERT ((__StackLimit >= __HeapLimit), region ram  overflowed with stack)
LOAD ..\obj\stm32f4xx_syscfg.o
LOAD ..\obj\stm32f4xx_usart.o
LOAD ..\obj\startup_stm32f4xx.o
LOAD ..\obj\main.o
LOAD ..\obj\stm32f4xx_rcc.o
LOAD ..\obj\stm32f4xx_adc.o
LOAD ..\obj\stm32f4xx_gpio.o
LOAD ..\obj\system_stm32f4xx.o
LOAD ..\obj\stm32f4xx_exti.o
LOAD ..\obj\misc.o
LOAD ..\obj\stm32f4xx_tim.o
START GROUP
LOAD c:/program files (x86)/gnu tools arm embedded/5.2 2015q4/bin/../lib/gcc/arm-none-eabi/5.2.1/armv7e-m\libgcc.a
LOAD c:/program files (x86)/gnu tools arm embedded/5.2 2015q4/bin/../lib/gcc/arm-none-eabi/5.2.1/../../../../arm-none-eabi/lib/armv7e-m\libg.a
LOAD c:/program files (x86)/gnu tools arm embedded/5.2 2015q4/bin/../lib/gcc/arm-none-eabi/5.2.1/../../../../arm-none-eabi/lib/armv7e-m\libc.a
END GROUP
OUTPUT(LaboratoriaPTM.elf elf32-littlearm)

.debug_info     0x00000000     0x6010
 .debug_info    0x00000000      0x9ca ..\obj\stm32f4xx_usart.o
 .debug_info    0x000009ca       0xed ..\obj\startup_stm32f4xx.o
 .debug_info    0x00000ab7      0xf66 ..\obj\main.o
 .debug_info    0x00001a1d      0xc59 ..\obj\stm32f4xx_rcc.o
 .debug_info    0x00002676      0xc40 ..\obj\stm32f4xx_adc.o
 .debug_info    0x000032b6      0x61a ..\obj\stm32f4xx_gpio.o
 .debug_info    0x000038d0      0x596 ..\obj\system_stm32f4xx.o
 .debug_info    0x00003e66      0x541 ..\obj\misc.o
 .debug_info    0x000043a7     0x1c69 ..\obj\stm32f4xx_tim.o

.debug_abbrev   0x00000000      0xdef
 .debug_abbrev  0x00000000      0x157 ..\obj\stm32f4xx_usart.o
 .debug_abbrev  0x00000157       0xb0 ..\obj\startup_stm32f4xx.o
 .debug_abbrev  0x00000207      0x2bc ..\obj\main.o
 .debug_abbrev  0x000004c3      0x1e5 ..\obj\stm32f4xx_rcc.o
 .debug_abbrev  0x000006a8      0x198 ..\obj\stm32f4xx_adc.o
 .debug_abbrev  0x00000840      0x1a7 ..\obj\stm32f4xx_gpio.o
 .debug_abbrev  0x000009e7      0x138 ..\obj\system_stm32f4xx.o
 .debug_abbrev  0x00000b1f      0x147 ..\obj\misc.o
 .debug_abbrev  0x00000c66      0x189 ..\obj\stm32f4xx_tim.o

.debug_aranges  0x00000000      0x880
 .debug_aranges
                0x00000000      0x100 ..\obj\stm32f4xx_usart.o
 .debug_aranges
                0x00000100       0x28 ..\obj\startup_stm32f4xx.o
 .debug_aranges
                0x00000128       0xa8 ..\obj\main.o
 .debug_aranges
                0x000001d0      0x178 ..\obj\stm32f4xx_rcc.o
 .debug_aranges
                0x00000348      0x148 ..\obj\stm32f4xx_adc.o
 .debug_aranges
                0x00000490       0x88 ..\obj\stm32f4xx_gpio.o
 .debug_aranges
                0x00000518       0x30 ..\obj\system_stm32f4xx.o
 .debug_aranges
                0x00000548       0x40 ..\obj\misc.o
 .debug_aranges
                0x00000588      0x2f8 ..\obj\stm32f4xx_tim.o

.debug_ranges   0x00000000      0x810
 .debug_ranges  0x00000000       0xf0 ..\obj\stm32f4xx_usart.o
 .debug_ranges  0x000000f0       0x18 ..\obj\startup_stm32f4xx.o
 .debug_ranges  0x00000108       0xb8 ..\obj\main.o
 .debug_ranges  0x000001c0      0x168 ..\obj\stm32f4xx_rcc.o
 .debug_ranges  0x00000328      0x138 ..\obj\stm32f4xx_adc.o
 .debug_ranges  0x00000460       0x78 ..\obj\stm32f4xx_gpio.o
 .debug_ranges  0x000004d8       0x20 ..\obj\system_stm32f4xx.o
 .debug_ranges  0x000004f8       0x30 ..\obj\misc.o
 .debug_ranges  0x00000528      0x2e8 ..\obj\stm32f4xx_tim.o

.debug_line     0x00000000     0x27d1
 .debug_line    0x00000000      0x4c9 ..\obj\stm32f4xx_usart.o
 .debug_line    0x000004c9       0x9d ..\obj\startup_stm32f4xx.o
 .debug_line    0x00000566      0x4c0 ..\obj\main.o
 .debug_line    0x00000a26      0x5b5 ..\obj\stm32f4xx_rcc.o
 .debug_line    0x00000fdb      0x56d ..\obj\stm32f4xx_adc.o
 .debug_line    0x00001548      0x370 ..\obj\stm32f4xx_gpio.o
 .debug_line    0x000018b8      0x1fa ..\obj\system_stm32f4xx.o
 .debug_line    0x00001ab2      0x24e ..\obj\misc.o
 .debug_line    0x00001d00      0xad1 ..\obj\stm32f4xx_tim.o

.debug_str      0x00000000     0x2ba3
 .debug_str     0x00000000      0x610 ..\obj\stm32f4xx_usart.o
                                0x68b (size before relaxing)
 .debug_str     0x00000610       0xac ..\obj\startup_stm32f4xx.o
                                0x143 (size before relaxing)
 .debug_str     0x000006bc      0xbbb ..\obj\main.o
                                0xe1e (size before relaxing)
 .debug_str     0x00001277      0x5df ..\obj\stm32f4xx_rcc.o
                                0x84c (size before relaxing)
 .debug_str     0x00001856      0x4f3 ..\obj\stm32f4xx_adc.o
                                0x800 (size before relaxing)
 .debug_str     0x00001d49      0x19f ..\obj\stm32f4xx_gpio.o
                                0x49f (size before relaxing)
 .debug_str     0x00001ee8      0x114 ..\obj\system_stm32f4xx.o
                                0x3a6 (size before relaxing)
 .debug_str     0x00001ffc      0x125 ..\obj\misc.o
                                0x3ca (size before relaxing)
 .debug_str     0x00002121      0xa82 ..\obj\stm32f4xx_tim.o
                                0xdcc (size before relaxing)

.comment        0x00000000       0x6e
 .comment       0x00000000       0x6e ..\obj\stm32f4xx_usart.o
                                 0x6f (size before relaxing)
 .comment       0x0000006e       0x6f ..\obj\startup_stm32f4xx.o
 .comment       0x0000006e       0x6f ..\obj\main.o
 .comment       0x0000006e       0x6f ..\obj\stm32f4xx_rcc.o
 .comment       0x0000006e       0x6f ..\obj\stm32f4xx_adc.o
 .comment       0x0000006e       0x6f ..\obj\stm32f4xx_gpio.o
 .comment       0x0000006e       0x6f ..\obj\system_stm32f4xx.o
 .comment       0x0000006e       0x6f ..\obj\misc.o
 .comment       0x0000006e       0x6f ..\obj\stm32f4xx_tim.o

.ARM.attributes
                0x00000000       0x33
 .ARM.attributes
                0x00000000       0x33 ..\obj\stm32f4xx_usart.o
 .ARM.attributes
                0x00000033       0x33 ..\obj\startup_stm32f4xx.o
 .ARM.attributes
                0x00000066       0x33 ..\obj\main.o
 .ARM.attributes
                0x00000099       0x33 ..\obj\stm32f4xx_rcc.o
 .ARM.attributes
                0x000000cc       0x33 ..\obj\stm32f4xx_adc.o
 .ARM.attributes
                0x000000ff       0x33 ..\obj\stm32f4xx_gpio.o
 .ARM.attributes
                0x00000132       0x33 ..\obj\system_stm32f4xx.o
 .ARM.attributes
                0x00000165       0x33 ..\obj\misc.o
 .ARM.attributes
                0x00000198       0x33 ..\obj\stm32f4xx_tim.o

.debug_frame    0x00000000     0x25f0
 .debug_frame   0x00000000      0x490 ..\obj\stm32f4xx_usart.o
 .debug_frame   0x00000490       0x4c ..\obj\startup_stm32f4xx.o
 .debug_frame   0x000004dc      0x270 ..\obj\main.o
 .debug_frame   0x0000074c      0x6d4 ..\obj\stm32f4xx_rcc.o
 .debug_frame   0x00000e20      0x5ec ..\obj\stm32f4xx_adc.o
 .debug_frame   0x0000140c      0x23c ..\obj\stm32f4xx_gpio.o
 .debug_frame   0x00001648       0x7c ..\obj\system_stm32f4xx.o
 .debug_frame   0x000016c4       0xd8 ..\obj\misc.o
 .debug_frame   0x0000179c      0xe54 ..\obj\stm32f4xx_tim.o
